// Jest Snapshot v1, https://goo.gl/fbAQLP

exports[`TripSuggestion component renders correctly without crashing 1`] = `
<TripSuggestion>
  <styled.div>
    <div
      className="sc-iUKqMP zfAfw"
    >
      <styled.div>
        <div
          className="sc-iAKWXU eSxgFC"
        >
          <styled.div>
            <div
              className="sc-bdvvtL fNgVow"
            >
              <styled.div>
                <div
                  className="sc-efQSVx inTfYM"
                >
                  <styled.div>
                    <div
                      className="sc-hKwDye bCtFQq"
                    >
                      <styled.div
                        key="db2db1d9-a0ad-47e2-bf1d-8583ceda2453"
                      >
                        <div
                          className="sc-cTAqQK oIbSG"
                        >
                          <img
                            src="barcelonette-thumbnail.jpg"
                          />
                          <styled.h2>
                            <h2
                              className="sc-jObWnj HGpB"
                            >
                              Barcelonette
                            </h2>
                          </styled.h2>
                          <styled.span>
                            <span
                              className="sc-dPiLbb fMMWqx"
                            >
                              152
                               kilometers away
                            </span>
                          </styled.span>
                        </div>
                      </styled.div>
                      <styled.div
                        key="4d40bb12-d5bd-4440-a017-f7758f361c3f"
                      >
                        <div
                          className="sc-cTAqQK oIbSG"
                        >
                          <img
                            src="vars-thumbnail.jpg"
                          />
                          <styled.h2>
                            <h2
                              className="sc-jObWnj HGpB"
                            >
                              Vars
                            </h2>
                          </styled.h2>
                          <styled.span>
                            <span
                              className="sc-dPiLbb fMMWqx"
                            >
                              172
                               kilometers away
                            </span>
                          </styled.span>
                        </div>
                      </styled.div>
                      <styled.div
                        key="b0e4dff3-972d-42f0-9b3b-1e7befc5e66d"
                      >
                        <div
                          className="sc-cTAqQK oIbSG"
                        >
                          <img
                            src="allos-thumbnail.jpg"
                          />
                          <styled.h2>
                            <h2
                              className="sc-jObWnj HGpB"
                            >
                              Allos
                            </h2>
                          </styled.h2>
                          <styled.span>
                            <span
                              className="sc-dPiLbb fMMWqx"
                            >
                              136
                               kilometers away
                            </span>
                          </styled.span>
                        </div>
                      </styled.div>
                      <styled.div
                        key="a2cfcf82-429e-4f69-8b7b-1dc72581aef8"
                      >
                        <div
                          className="sc-cTAqQK oIbSG"
                        >
                          <img
                            src="porto-vecchio-thumbnail.jpg"
                          />
                          <styled.h2>
                            <h2
                              className="sc-jObWnj HGpB"
                            >
                              Porto Vecchio
                            </h2>
                          </styled.h2>
                          <styled.span>
                            <span
                              className="sc-dPiLbb fMMWqx"
                            >
                              323
                               kilometers away
                            </span>
                          </styled.span>
                        </div>
                      </styled.div>
                    </div>
                  </styled.div>
                </div>
              </styled.div>
            </div>
          </styled.div>
        </div>
      </styled.div>
    </div>
  </styled.div>
</TripSuggestion>
`;
