// Jest Snapshot v1, https://goo.gl/fbAQLP

exports[`TripSuggestion component renders correctly without crashing 1`] = `
<TripSuggestion>
  <styled.div>
    <div
      className="sc-iUKqMP hXylqK"
    >
      <styled.div>
        <div
          className="sc-iAKWXU eSxgFC"
        >
          <styled.div>
            <div
              className="sc-bdvvtL fNgVow"
            >
              <styled.div>
                <div
                  className="sc-efQSVx hJHLbd"
                >
                  <h1>
                    Inspiration for your next trip
                  </h1>
                  <styled.div>
                    <div
                      className="sc-hKwDye bCtFQq"
                    >
                      <styled.div
                        key="f3d98950-7128-4f48-80ff-4a56ae22fbd5"
                      >
                        <div
                          className="sc-cTAqQK oIbSG"
                        >
                          <img
                            src="barcelonette-thumbnail.jpg"
                          />
                          <styled.h2>
                            <h2
                              className="sc-jObWnj hTvdLS"
                            >
                              Barcelonette
                            </h2>
                          </styled.h2>
                          <styled.span>
                            <span
                              className="sc-dPiLbb fMMWqx"
                            >
                              152
                               kilometers away
                            </span>
                          </styled.span>
                        </div>
                      </styled.div>
                      <styled.div
                        key="e9b97f63-2043-4451-844d-6d8350a6b528"
                      >
                        <div
                          className="sc-cTAqQK oIbSG"
                        >
                          <img
                            src="vars-thumbnail.jpg"
                          />
                          <styled.h2>
                            <h2
                              className="sc-jObWnj hTvdLS"
                            >
                              Vars
                            </h2>
                          </styled.h2>
                          <styled.span>
                            <span
                              className="sc-dPiLbb fMMWqx"
                            >
                              172
                               kilometers away
                            </span>
                          </styled.span>
                        </div>
                      </styled.div>
                      <styled.div
                        key="79977fc0-cd42-4550-a72e-6d3041ec7b36"
                      >
                        <div
                          className="sc-cTAqQK oIbSG"
                        >
                          <img
                            src="allos-thumbnail.jpg"
                          />
                          <styled.h2>
                            <h2
                              className="sc-jObWnj hTvdLS"
                            >
                              Allos
                            </h2>
                          </styled.h2>
                          <styled.span>
                            <span
                              className="sc-dPiLbb fMMWqx"
                            >
                              136
                               kilometers away
                            </span>
                          </styled.span>
                        </div>
                      </styled.div>
                      <styled.div
                        key="b72aa7ae-ffff-40e4-b23a-0b6cbced5479"
                      >
                        <div
                          className="sc-cTAqQK oIbSG"
                        >
                          <img
                            src="porto-vecchio-thumbnail.jpg"
                          />
                          <styled.h2>
                            <h2
                              className="sc-jObWnj hTvdLS"
                            >
                              Porto Vecchio
                            </h2>
                          </styled.h2>
                          <styled.span>
                            <span
                              className="sc-dPiLbb fMMWqx"
                            >
                              323
                               kilometers away
                            </span>
                          </styled.span>
                        </div>
                      </styled.div>
                    </div>
                  </styled.div>
                </div>
              </styled.div>
            </div>
          </styled.div>
        </div>
      </styled.div>
    </div>
  </styled.div>
</TripSuggestion>
`;
